------------------------------------------------------------
Timing Analyzer Summary
------------------------------------------------------------

Type  : Setup 'i_clk'
Slack : 5.422
TNS   : 0.000
Corner: Slow 900mV 100C Model

Type  : Setup 'altera_reserved_tck'
Slack : 6.311
TNS   : 0.000
Corner: Slow 900mV 0C Model

Type  : Hold 'altera_reserved_tck'
Slack : 0.020
TNS   : 0.000
Corner: Fast 900mV 0C Model

Type  : Hold 'i_clk'
Slack : 0.021
TNS   : 0.000
Corner: Fast 900mV 0C Model

Type  : Recovery 'i_clk'
Slack : 4.789
TNS   : 0.000
Corner: Slow 900mV 0C Model

Type  : Recovery 'altera_reserved_tck'
Slack : 38.406
TNS   : 0.000
Corner: Slow 900mV 100C Model

Type  : Removal 'i_clk'
Slack : 0.161
TNS   : 0.000
Corner: Fast 900mV 0C Model

Type  : Removal 'altera_reserved_tck'
Slack : 0.484
TNS   : 0.000
Corner: Fast 900mV 0C Model

Type  : Minimum Pulse Width 'i_clk'
Slack : 4.495
TNS   : 0.000
Corner: Slow 900mV 0C Model

Type  : Minimum Pulse Width 'altera_reserved_tck'
Slack : 20.636
TNS   : 0.000
Corner: Slow 900mV 0C Model

------------------------------------------------------------
